// Jest Snapshot v1, https://goo.gl/fbAQLP

exports[`SnapShot testing of App Component 1`] = `null`;
